../Core/Src/main.c:78:6:Start_Animation	64	static
../Core/Src/main.c:246:6:Temp_Clock	8	static
../Core/Src/main.c:259:5:main	8	static
../Core/Src/main.c:312:6:SystemClock_Config	104	static
../Core/Src/main.c:365:13:MX_RTC_Init	32	static
../Core/Src/main.c:427:13:MX_SPI1_Init	8	static
../Core/Src/main.c:465:13:MX_USART2_UART_Init	8	static
../Core/Src/main.c:498:13:MX_GPIO_Init	48	static
../Core/Src/main.c:547:6:Set_Digit	40	static
../Core/Src/main.c:605:6:Set_None	32	static
../Core/Src/main.c:627:6:Set_Led	32	static
../Core/Src/main.c:678:6:Set_Dots	32	static
../Core/Src/main.c:734:6:Error_Handler	4	static,ignoring_inline_asm
