../Core/Src/main.c:78:6:Start_Animation	64	static
../Core/Src/main.c:249:6:Temp_Clock	8	static
../Core/Src/main.c:262:5:main	8	static
../Core/Src/main.c:315:6:SystemClock_Config	104	static
../Core/Src/main.c:368:13:MX_RTC_Init	32	static
../Core/Src/main.c:430:13:MX_SPI1_Init	8	static
../Core/Src/main.c:468:13:MX_USART2_UART_Init	8	static
../Core/Src/main.c:501:13:MX_GPIO_Init	48	static
../Core/Src/main.c:550:6:Set_Digit	40	static
../Core/Src/main.c:608:6:Set_None	32	static
../Core/Src/main.c:630:6:Set_Led	32	static
../Core/Src/main.c:681:6:Set_Dots	32	static
../Core/Src/main.c:737:6:Error_Handler	4	static,ignoring_inline_asm
